src/bridges/langchain/bridge.ts(81,52): error TS2307: Cannot find module '@langchain/core/tools' or its corresponding type declarations.
src/bridges/langchain/bridge.ts(118,52): error TS2307: Cannot find module '@langchain/core/tools' or its corresponding type declarations.
src/bridges/langchain/wrapper.ts(350,52): error TS2307: Cannot find module '@langchain/core/tools' or its corresponding type declarations.
src/core/engine.ts(11,3): error TS6196: 'ToolCallParams' is declared but never used.
src/core/engine.ts(26,46): error TS6133: 'GQPError' is declared but its value is never read.
